******************************************************************************
                  TI ARM Linker PC v5.2.9                      
******************************************************************************
>> Linked Sat Nov 20 10:44:24 2021

OUTPUT FILE NAME:   <sensortag_audio_cc2650stk_app.out>
ENTRY POINT SYMBOL: "ResetISR"  address: 00009ee9


MEMORY CONFIGURATION

         name            origin    length      used     unused   attr    fill
----------------------  --------  ---------  --------  --------  ----  --------
  IMAGE_HEADER          00001000   00000010  00000010  00000000  R  X
  FLASH                 00001010   00010010  0000e83f  000017d1  R  X
  SRAM                  20000000   00004428  000030f4  00001334  RW X


SEGMENT ALLOCATION MAP

run origin  load origin   length   init length attrs members
----------  ----------- ---------- ----------- ----- -------
00001000    00001000    0000e850   0000e850    r-x
  00001000    00001000    00000010   00000010    r-- .imgHdr
  00001010    00001010    0000003c   0000003c    r-- .resetVecs
  0000104c    0000104c    0000d328   0000d328    r-x .text
  0000e374    0000e374    00000b9b   00000b9b    r-- .const
  0000ef10    0000ef10    00000940   00000940    r-- .cinit
20000430    20000430    00000010   00000000    rw-
  20000430    20000430    00000010   00000000    rw- .TI.bound:dmaSpi0RxControlTableEntry$23
20000440    20000440    00000010   00000000    rw-
  20000440    20000440    00000010   00000000    rw- .TI.bound:dmaSpi0TxControlTableEntry$23
20000500    20000500    00000010   00000000    rw-
  20000500    20000500    00000010   00000000    rw- .TI.bound:dmaSpi1RxControlTableEntry$23
20000510    20000510    00002dfc   00000000    rw-
  20000510    20000510    00000010   00000000    rw- .TI.bound:dmaSpi1TxControlTableEntry$23
  20000520    20000520    00001cc9   00000000    rw- .data
  200021f0    200021f0    0000111c   00000000    rw- .bss
20004228    20004228    00000200   00000000    rw-
  20004228    20004228    00000200   00000000    rw- .stack


SECTION ALLOCATION MAP

 output                                  attributes/
section   page    origin      length       input sections
--------  ----  ----------  ----------   ----------------
.imgHdr    0    00001000    00000010     
                  00001000    00000010     oad_target_external_flash.obj (.imgHdr:retain)

.text      0    0000104c    0000d328     
                  0000104c    0000090c     pdm_cc26xxware.aem3 : pdm2pcm_ccs.oem3 (.text:pdm2pcm16k)
                  00001958    00000310     RFCC26XX_singleMode.obj (.text:fsmActiveState$21)
                  00001c68    000002ec     peripheral.obj (.text:gapRole_processGAPMsg$48)
                  00001f54    000002d8     PDMCC26XX.obj (.text:PDMCC26XX_taskFxn$19)
                  0000222c    0000023c     peripheral.obj (.text:GAPRole_SetParameter)
                  00002468    00000228     drivers_cc26xxware.aem3 : PowerCC26XX.oem3 (.text:Power_sleep)
                  00002690    00000204     driverlib.lib : sys_ctrl.obj (.text:NOROM_SysCtrlSetRechargeBeforePowerDown)
                  00002894    000001f4     rtsv7M3_T_le_eabi.lib : ull_div_t2.obj (.text)
                  00002a88    000001d0     drivers_cc26xxware.aem3 : PowerCC26XX_calibrateRCOSC.oem3 (.text:calibrateRcoscHf1)
                  00002c58    000001c8     sensortag.obj (.text:SensorTag_init$0)
                  00002e20    000001c0     drivers_cc26xxware.aem3 : PDMCC26XX_util.oem3 (.text:PDMCC26XX_I2S_open)
                  00002fe0    000001a8     PINCC26XX.obj (.text:PIN_init)
                  00003188    000001a8     RFCC26XX_singleMode.obj (.text:abortCmd$21)
                  00003330    00000184     drivers_cc26xxware.aem3 : PowerCC26XX_calibrateRCOSC.oem3 (.text:PowerCC26XX_doCalibrate)
                  000034b4    00000170     RFCC26XX_singleMode.obj (.text:RF_postCmd)
                  00003624    00000158     SPICC26XXDMA.obj (.text:SPICC26XXDMA_initIO$23)
                  0000377c    0000014c     SPICC26XXDMA.obj (.text:SPICC26XXDMA_open)
                  000038c8    00000130     driverlib.lib : setup.obj (.text:NOROM_SetupAfterColdResetWakeupFromShutDownCfg3)
                  000039f8    0000012c     PDMCC26XX.obj (.text:PDMCC26XX_open)
                  00003b24    00000128     RFCC26XX_singleMode.obj (.text:fsmSetupState$21)
                  00003c4c    00000120     peripheral.obj (.text:GAPRole_GetParameter)
                  00003d6c    0000011c     drivers_cc26xxware.aem3 : PowerCC26XX.oem3 (.text:Power_init)
                  00003e88    0000010c     RFCC26XX_singleMode.obj (.text:hwiFxnCpe0Active$21)
                  00003f94    00000104     drivers_cc26xxware.aem3 : PDMCC26XX_util.oem3 (.text:PDMCC26XX_I2S_startStream)
                  00004098    000000fc     I2CCC26XX.obj (.text:I2CCC26XX_open)
                  00004194    000000fc     peripheral.obj (.text:gapRole_taskFxn$48)
                  00004290    000000f8     sysbios.aem3 : BIOS.obj (.text:xdc_runtime_Startup_startMods__I)
                  00004388    000000f0     SPICC26XXDMA.obj (.text:SPICC26XXDMA_transferCancel)
                  00004478    000000ec     icall.obj (.text:ICall_primWaitMatch$26)
                  00004564    000000ec     RFCC26XX_singleMode.obj (.text:rf_init$21)
                  00004650    000000e8     sensortag.obj (.text:SensorTag_processStateChangeEvt$0)
                  00004738    000000e8     sysbios.aem3 : BIOS.obj (.text:ti_sysbios_knl_Event_pend__E)
                  00004820    000000e4     driverlib.lib : setup.obj (.text:NOROM_SetupAfterColdResetWakeupFromShutDownCfg2)
                  00004904    000000e0     I2CCC26XX.obj (.text:I2CCC26XX_hwiFxn$18)
                  000049e4    000000d8     driverlib.lib : i2s.obj (.text:NOROM_I2SChannelConfigure)
                  00004abc    000000d4     drivers_cc26xxware.aem3 : PowerCC26XX.oem3 (.text:Power_releaseDependency)
                  00004b90    000000d4     sensortag_keys.obj (.text:SensorTagKeys_processEvent)
                  00004c64    000000d0     drivers_cc26xxware.aem3 : PowerCC26XX.oem3 (.text:Power_setDependency)
                  00004d34    000000cc     SPICC26XXDMA.obj (.text:SPICC26XXDMA_transfer)
                  00004e00    000000cc     driverlib.lib : setup.obj (.text:TrimAfterColdResetWakeupFromShutDown)
                  00004ecc    000000cc     sysbios.aem3 : BIOS.obj (.text:ti_sysbios_knl_Semaphore_pend__E)
                  00004f98    000000cc                  : BIOS.obj (.text:ti_sysbios_knl_Task_Instance_init__E)
                  00005064    000000ca     drivers_cc26xxware.aem3 : PDMCC26XX_util.oem3 (.text:PDMCC26XX_I2S_initIO)
                  0000512e    00000002     ble_user_config.obj (.text:DefaultAssertCback)
                  00005130    000000c8     SPICC26XXDMA.obj (.text:SPICC26XXDMA_configDMA$23)
                  000051f8    000000c8     RFCC26XX_singleMode.obj (.text:fsmPowerUpState$21)
                  000052c0    000000c8     sysbios.aem3 : m3_Hwi_asm.obj (.text:ti_sysbios_family_arm_m3_Hwi_dispatch__I)
                  00005388    000000c4     I2CCC26XX.obj (.text:I2CCC26XX_transfer)
                  0000544c    000000c4     drivers_cc26xxware.aem3 : PDMCC26XX_util.oem3 (.text:PDMCC26XX_I2S_hwiFxn)
                  00005510    000000c4     RFCC26XX_singleMode.obj (.text:swiFxnHw$21)
                  000055d4    000000c0     RFCC26XX_singleMode.obj (.text:RF_open)
                  00005694    000000c0     ioservice.obj (.text:io_WriteAttrCB$45)
                  00005754    000000bc     power_cc26xx_tirtos.aem3 : PowerCC26XX_tirtos.oem3 (.text:PowerCC26XX_standbyPolicy)
                  00005810    000000bc     sensortag_factoryreset.obj (.text:SensorTagFactoryReset_hasImage)
                  000058cc    000000b4     PINCC26XX.obj (.text:PINCC26XX_setIoCfg$20)
                  00005980    000000b0     sensortag_io.obj (.text:SensorTagIO_processCharChangeEvt)
                  00005a30    000000b0     devinfoservice.obj (.text:devInfo_ReadAttrCB$42)
                  00005ae0    000000b0     peripheral.obj (.text:gapRole_init$48)
                  00005b90    000000ac     drivers_cc26xxware.aem3 : Codec1.oem3 (.text:Codec1_encodeSingle)
                  00005c3c    000000ac     oad.obj (.text:OAD_imgBlockWrite)
                  00005ce8    000000a8     sensortag.obj (.text:SensorTag_taskFxn$0)
                  00005d90    000000a8     oad.obj (.text:oadWriteAttrCB$46)
                  00005e38    000000a4     driverlib.lib : setup.obj (.text:NOROM_SetupTrimDevice)
                  00005edc    000000a4     ccservice.obj (.text:ccService_WriteAttrCB$41)
                  00005f80    000000a0     SPICC26XXDMA.obj (.text:SPICC26XXDMA_hwiFxn$23)
                  00006020    000000a0     sensortag_audio.obj (.text:SensorTagAudio_processEvent)
                  000060c0    000000a0     auto_init.aem3 : auto_init.oem3 (.text)
                  00006160    0000009c     oad.obj (.text:OAD_imgIdentifyWrite)
                  000061fc    0000009c     drivers_cc26xxware.aem3 : PDMCC26XX_util.oem3 (.text:PDMCC26XX_I2S_initHw)
                  00006298    0000009c     sensortag_keys.obj (.text:SensorTagKeys_clockHandler$9)
                  00006334    0000009c     SensorTmp007.obj (.text:SensorTmp007_test)
                  000063d0    0000009c     rtsv7M3_T_le_eabi.lib : memcpy_t2.obj (.text)
                  0000646c    00000098     PDMCC26XX.obj (.text:PDMCC26XX_startStream)
                  00006504    00000098     PINCC26XX.obj (.text:PIN_open)
                  0000659c    00000098     sysbios.aem3 : BIOS.obj (.text:ti_sysbios_knl_Clock_workFuncDynamic__E)
                  00006634    00000096     SensorBmp280.obj (.text:SensorBmp280_test)
                  000066ca    00000002     driverlib.lib : rfc.obj (.text:NOROM_RFCAdi3VcoLdoVoltageMode)
                  000066cc    00000094     gattservapp_util.obj (.text:GATTServApp_ProcessCharCfg)
                  00006760    00000094     SPICC26XXDMA.obj (.text:SPICC26XXDMA_control)
                  000067f4    00000094     sysbios.aem3 : BIOS.obj (.text:ti_sysbios_family_arm_m3_Hwi_Instance_init__E)
                  00006888    00000090     I2CCC26XX.obj (.text:I2CCC26XX_primeTransfer$18)
                  00006918    00000090     oad.obj (.text:crcCalcDL$46)
                  000069a8    00000090     drivers_cc26xxware.aem3 : PowerCC26XX.oem3 (.text:switchXOSCHFclockFunc)
                  00006a38    0000008c     devinfoservice.obj (.text:DevInfo_SetParameter)
                  00006ac4    0000008c     driverlib.lib : osc.obj (.text:NOROM_OSCHF_GetStartupTime)
                  00006b50    00000088     I2CCC26XX.obj (.text:I2CCC26XX_cancel)
                  00006bd8    00000084     icall.obj (.text:ICall_heapMalloc)
                  00006c5c    00000084     icall.obj (.text:ICall_primSetTimer$26)
                  00006ce0    00000084     drivers_cc26xxware.aem3 : PDMCC26XX_util.oem3 (.text:PDMCC26XX_I2S_stopStream)
                  00006d64    00000084     TRNGCC26XX.obj (.text:TRNGCC26XX_getNumber)
                  00006de8    00000080     RFCC26XX_singleMode.obj (.text:RF_pendCmd)
                  00006e68    00000080     sysbios.aem3 : BIOS.obj (.text:ti_sysbios_family_arm_m3_Hwi_initNVIC__E)
                  00006ee8    00000080                  : BIOS.obj (.text:ti_sysbios_knl_Task_postInit__I)
                  00006f68    00000080                  : BIOS.obj (.text:xdc_runtime_Core_createObject__I)
                  00006fe8    0000007c     icall.obj (.text:ICall_createRemoteTasks)
                  00007064    0000007c     drivers_cc26xxware.aem3 : PDMCC26XX_util.oem3 (.text:PDMCC26XX_I2S_close)
                  000070e0    0000007c                             : PowerCC26XX.oem3 (.text:disableLFClockQualifiers)
                  0000715c    0000007a     rtsv7M3_T_le_eabi.lib : memset_t2.obj (.text)
                  000071d6    00000002     driverlib.lib : rfc.obj (.text:NOROM_RFCRTrim)
                  000071d8    00000078     drivers_cc26xxware.aem3 : Codec1.oem3 (.text:Codec1_encodeBuff)
                  00007250    00000078     driverlib.lib : setup.obj (.text:NOROM_SetupAfterColdResetWakeupFromShutDownCfg1)
                  000072c8    00000078     oad.obj (.text:OAD_rejectImage$46)
                  00007340    00000078     SensorTagTest.obj (.text:SensorTag_testExecute)
                  000073b8    00000078     sysbios.aem3 : BIOS.obj (.text:ti_sysbios_knl_Clock_walkQueueDynamic__E)
                  00007430    00000074     icall_cc2650.obj (.text:ICallPlatform_pwrUpdActivityCounter)
                  000074a4    00000074     icall.obj (.text:ICall_primSend$26)
                  00007518    00000074     drivers_cc26xxware.aem3 : PowerCC26XX_calibrateRCOSC.oem3 (.text:PowerCC26XX_auxISR)
                  0000758c    00000074                             : PowerCC26XX_calibrateRCOSC.oem3 (.text:calibrateRcoscHf2)
                  00007600    00000074     peripheral.obj (.text:gapRole_startConnUpdate$48)
                  00007674    00000072     ExtFlash.obj (.text:ExtFlash_write)
                  000076e6    00000002     SPICC26XXDMA.obj (.text:SPICC26XXDMA_serviceISR$23)
                  000076e8    00000070     driverlib.lib : chipinfo.obj (.text:NOROM_ChipInfo_GetHwRevision)
                  00007758    00000070     sysbios.aem3 : BIOS.obj (.text:ti_sysbios_knl_Event_post__E)
                  000077c8    00000070                  : BIOS.obj (.text:ti_sysbios_knl_Task_sleep__E)
                  00007838    0000006c     icall.obj (.text:ICall_heapInit)
                  000078a4    0000006c     driverlib.lib : setup.obj (.text:NOROM_SetupGetTrimForAmpcompCtrl)
                  00007910    0000006c     drivers_cc26xxware.aem3 : PowerCC26XX.oem3 (.text:PowerCC26XX_calibrate)
                  0000797c    0000006c     SensorI2C.obj (.text:SensorI2C_select)
                  000079e8    0000006c     RFCC26XX_singleMode.obj (.text:fsmPowerDownState$21)
                  00007a54    0000006c     gattservapp_util.obj (.text:gattServApp_SendNotiInd$44)
                  00007ac0    0000006c     sysbios.aem3 : BIOS.obj (.text:xdc_runtime_Memory_alloc__E)
                  00007b2c    0000006a     rtsv7M3_T_le_eabi.lib : copy_decompress_rle.obj (.text)
                  00007b96    00000002     RFCC26XX_singleMode.obj (.text:defaultErrCb$21)
                  00007b98    00000068     driverlib.lib : setup.obj (.text:NOROM_SetupGetTrimForAnabypassValue1)
                  00007c00    00000068                   : sys_ctrl.obj (.text:NOROM_SysCtrl_DCDC_VoltageConditionalControl)
                  00007c68    00000068     oad_target_external_flash.obj (.text:OADTarget_getCurrentImageHeader)
                  00007cd0    00000068     sensortag_conn_ctrl.obj (.text:SensorTagConnectionControl_update)
                  00007d38    00000068     sensortag_factoryreset.obj (.text:SensorTagFactoryReset_extFlashErase)
                  00007da0    00000068     sysbios.aem3 : BIOS.obj (.text:ti_sysbios_knl_Clock_startI__E)
                  00007e08    00000068                  : BIOS.obj (.text:ti_sysbios_knl_Swi_restoreHwi__E)
                  00007e70    00000066     SensorHdc1000.obj (.text:SensorHdc1000_test)
                  00007ed6    00000002     drivers_cc26xxware.aem3 : PowerCC26XX.oem3 (.text:emptyClockFunc)
                  00007ed8    00000064     I2CCC26XX.obj (.text:I2CCC26XX_close)
                  00007f3c    00000064     PINCC26XX.obj (.text:PIN_add)
                  00007fa0    00000064     sysbios.aem3 : BIOS.obj (.text:ti_sysbios_family_arm_cc26xx_Timer_start__E)
                  00008004    00000064                  : BIOS.obj (.text:ti_sysbios_knl_Semaphore_post__E)
                  00008068    00000060     I2CCC26XX.obj (.text:I2CCC26XX_initIO$18)
                  000080c8    00000060     icall.obj (.text:ICall_primEnroll$26)
                  00008128    00000060     oad.obj (.text:OAD_sendStatus$46)
                  00008188    00000060     PDMCC26XX.obj (.text:PDMCC26XX_init)
                  000081e8    00000060     drivers_cc26xxware.aem3 : PowerCC26XX_calibrateRCOSC.oem3 (.text:PowerCC26XX_RCOSC_clockFunc)
                  00008248    00000060     RFCC26XX_singleMode.obj (.text:RF_getCurrentTime)
                  000082a8    00000060     battservice.obj (.text:battReadAttrCB$40)
                  00008308    00000060     drivers_cc26xxware.aem3 : PowerCC26XX_calibrateRCOSC.oem3 (.text:updateSubSecInc)
                  00008368    0000005c     ExtFlash.obj (.text:ExtFlash_erase)
                  000083c4    0000005c     icall.obj (.text:ICall_primThreadServes$26)
                  00008420    0000005c     driverlib.lib : osc.obj (.text:NOROM_OSCHF_AttemptToSwitchToXosc)
                  0000847c    0000005c                   : sys_ctrl.obj (.text:NOROM_SysCtrlAdjustRechargeAfterPowerDown)
                  000084d8    0000005c     oad_target_external_flash.obj (.text:OADTarget_validateNewImage)
                  00008534    0000005c     oad.obj (.text:OAD_getNextBlockReq$46)
                  00008590    0000005c     PINCC26XX.obj (.text:PIN_remove)
                  000085ec    0000005c     SensorMpu9250.obj (.text:SensorMpu9250_test)
                  00008648    0000005c     UDMACC26XX.obj (.text:UDMACC26XX_open)
                  000086a4    0000005c     RFCC26XX_singleMode.obj (.text:applyRfCorePatch$21)
                  00008700    0000005c     RFCC26XX_singleMode.obj (.text:decActiveClientCnt$21)
                  0000875c    0000005c     sysbios.aem3 : BIOS.obj (.text:ti_sysbios_knl_Task_Module_startup__E)
                  000087b8    0000005c                  : BIOS.obj (.text:ti_sysbios_knl_Task_startCore__E)
                  00008814    0000005a     SPICC26XXDMA.obj (.text:SPICC26XXDMA_close)
                  0000886e    00000002     sysbios.aem3 : BIOS.obj (.text:ti_sysbios_BIOS_linkedWithIncorrectBootLibrary__E)
                  00008870    00000058     sensortag_audio.obj (.text:HIDAdvRemote_processPdmData$1)
                  000088c8    00000058     oad.obj (.text:OAD_addService)
                  00008920    00000058     PDMCC26XX.obj (.text:PDMCC26XX_rollbackDriverInitialisation$19)
                  00008978    00000058     drivers_cc26xxware.aem3 : PowerCC26XX_calibrateRCOSC.oem3 (.text:PowerCC26XX_initiateCalibration)
                  000089d0    00000058     SPICC26XXDMA.obj (.text:SPICC26XXDMA_initHw$23)
                  00008a28    00000058     sensortag_keys.obj (.text:processGapStateChange$9)
                  00008a80    00000058     sysbios.aem3 : BIOS.obj (.text:ti_sysbios_family_arm_m3_Hwi_postInit__I)
                  00008ad8    00000058                  : BIOS.obj (.text:ti_sysbios_knl_Swi_Instance_init__E)
                  00008b30    00000058                  : BIOS.obj (.text:ti_sysbios_knl_Swi_run__I)
                  00008b88    00000056     audio_profile.obj (.text:audioProfile_ReadAttrCB$39)
                  00008bde    00000002     app_ble_pem3.oem3 (.text:ti_sysbios_BIOS_nullFunc__I)
                  00008be0    00000054     audio_profile.obj (.text:Audio_SetParameter)
                  00008c34    00000054     sensortag_audio.obj (.text:HIDAdvRemote_audioMalloc$1)
                  00008c88    00000054     I2CCC26XX.obj (.text:I2CCC26XX_swiFxn$18)
                  00008cdc    00000054     PDMCC26XX.obj (.text:PDMCC26XX_stopStream)
                  00008d30    00000054     SensorI2C.obj (.text:SensorI2C_open)
                  00008d84    00000054     sensortag_factoryreset.obj (.text:calcImageCRC$6)
                  00008dd8    00000054     drivers_cc26xxware.aem3 : PowerCC26XX.oem3 (.text:configureXOSCHF)
                  00008e2c    00000054     RFCC26XX_singleMode.obj (.text:fsmXOSCState$21)
                  00008e80    00000054     RFCC26XX_singleMode.obj (.text:hwiFxnHw$21)
                  00008ed4    00000054     RFCC26XX_singleMode.obj (.text:ratChanFree$21)
                  00008f28    00000054     sysbios.aem3 : BIOS.obj (.text:ti_sysbios_family_arm_m3_Hwi_dispatchC__I)
                  00008f7c    00000054                  : BIOS.obj (.text:ti_sysbios_knl_Swi_schedule__I)
                  00008fd0    00000052     icall.obj (.text:ICall_primWait$26)
                  00009022    00000052     SPICC26XXDMA.obj (.text:SPICC26XXDMA_swiFxn$23)
                  00009074    00000052     sensortag_conn_ctrl.obj (.text:SensorTagConnControl_processCharChangeEvt)
                  000090c6    00000052     audio_profile.obj (.text:audioProfile_WriteAttrCB$39)
                  00009118    00000050     ExtFlash.obj (.text:ExtFlash_read)
                  00009168    00000050     icall_api.obj (.text:GAP_DeviceInit)
                  000091b8    00000050     icall_api.obj (.text:GAP_UpdateAdvertisingData)
                  00009208    00000050     icall.obj (.text:ICall_primRegisterApp$26)
                  00009258    00000050     driverlib.lib : setup.obj (.text:NOROM_SetupSetCacheModeAccordingToCcfgSetting)
                  000092a8    00000050     drivers_cc26xxware.aem3 : PDMCC26XX_util.oem3 (.text:PDMCC26XX_I2S_requestBuffer)
                  000092f8    00000050     RFCC26XX_singleMode.obj (.text:RF_getInfo)
                  00009348    00000050     util.obj (.text:Util_constructClock)
                  00009398    00000050     oad.obj (.text:checkDL$46)
                  000093e8    00000050     sysbios.aem3 : BIOS.obj (.text:ti_sysbios_knl_Swi_runLoop__I)
                  00009438    00000050                  : BIOS.obj (.text:xdc_runtime_Startup_exec__E)
                  00009488    0000004e     SensorOpt3001.obj (.text:SensorOpt3001_test)
                  000094d6    0000004e     ccservice.obj (.text:ccService_ReadAttrCB$41)
                  00009524    0000004e     ioservice.obj (.text:io_ReadAttrCB$45)
                  00009572    00000002     sysbios.aem3 : BIOS.obj (.text:ti_sysbios_gates_GateHwi_Instance_init__E)
                  00009574    0000004c     ExtFlash.obj (.text:ExtFlash_waitReady$30)
                  000095c0    0000004c     sensortag_audio.obj (.text:HIDAdvRemote_finishStream$1)
                  0000960c    0000004c     icall_cc2650.obj (.text:ICallPlatform_pwrRegisterNotify)
                  00009658    0000004c     icall.obj (.text:ICall_newTask$26)
                  000096a4    0000004c     icall.obj (.text:ICall_primGetEntityId$26)
                  000096f0    0000004c     driverlib.lib : osc.obj (.text:NOROM_OSCClockSourceSet)
                  0000973c    0000004c     sensortag.obj (.text:SensorTag_setDeviceInfo$0)
                  00009788    0000004c     battservice.obj (.text:battWriteAttrCB$40)
                  000097d4    0000004c     RFCC26XX_singleMode.obj (.text:dispatchOpWhen$21)
                  00009820    0000004c     peripheral.obj (.text:gapRole_processStackMsg$48)
                  0000986c    0000004c     rtsv7M3_T_le_eabi.lib : cpy_tbl.obj (.text)
                  000098b8    0000004c     RFCC26XX_singleMode.obj (.text:syncCb$21)
                  00009904    0000004c     sysbios.aem3 : m3_TaskSupport_asm.obj (.text:ti_sysbios_family_arm_m3_TaskSupport_buildTaskStack)
                  00009950    0000004c                  : BIOS.obj (.text:ti_sysbios_knl_Task_schedule__I)
                  0000999c    0000004a     gattservapp_util.obj (.text:GATTServApp_ProcessCCCWriteReq)
                  000099e6    00000002     sysbios.aem3 : BIOS.obj (.text:ti_sysbios_knl_Clock_logTick__E)
                  000099e8    00000048     sensortag_audio.obj (.text:HIDAdvRemote_startStreamingVoice$1)
                  00009a30    00000048     I2CCC26XX.obj (.text:I2CCC26XX_initHw$18)
                  00009a78    00000048     driverlib.lib : chipinfo.obj (.text:NOROM_ChipInfo_GetChipFamily)
                  00009ac0    00000048                   : ddi.obj (.text:NOROM_DDI16BitfieldWrite)
                  00009b08    00000048     sensortag_audio.obj (.text:SensorTagAudio_init)
                  00009b50    00000048     sensortag_oad.obj (.text:SensorTag_processOadWriteCB$11)
                  00009b98    00000048     battservice.obj (.text:battNotify$40)
                  00009be0    00000048     icall_api.obj (.text:gattIndNoti$29)
                  00009c28    00000048     drivers_cc26xxware.aem3 : PowerCC26XX.oem3 (.text:notify)
                  00009c70    00000048     sysbios.aem3 : BIOS.obj (.text:ti_sysbios_family_arm_m3_Hwi_Module_startup__E)
                  00009cb8    00000048                  : m3_Hwi_asm_switch.obj (.text:ti_sysbios_family_arm_m3_Hwi_initStacks__E)
                  00009d00    00000048     app_ble_pem3.oem3 (.text:ti_sysbios_hal_Hwi_create)
                  00009d48    00000048     sysbios.aem3 : BIOS.obj (.text:xdc_runtime_Core_assignParams__I)
                  00009d90    00000048                  : BIOS.obj (.text:xdc_runtime_Core_constructObject__I)
                  00009dd8    00000044     icall_api.obj (.text:GAP_TerminateLinkReq)
                  00009e1c    00000044     PINCC26XX.obj (.text:PIN_swi$20)
                  00009e60    00000044     sensortag_io.obj (.text:SensorTagIO_blinkLed)
                  00009ea4    00000044     sensortag_io.obj (.text:SensorTagIO_reset)
                  00009ee8    00000044     boot.aem3 : boot.oem3 (.text)
                  00009f2c    00000044     icall_api.obj (.text:gapSendParamAndPtrCmd$29)
                  00009f70    00000044     rtsv7M3_T_le_eabi.lib : exit.obj (.text)
                  00009fb4    00000044     SensorMpu9250.obj (.text:sensorMpu9250SetBypass$34)
                  00009ff8    00000044     app_ble_pem3.oem3 (.text:ti_sysbios_family_arm_m3_Hwi_Object__create__S)
                  0000a03c    00000044     sysbios.aem3 : BIOS.obj (.text:ti_sysbios_family_arm_m3_Hwi_disableInterrupt__E)
                  0000a080    00000044                  : BIOS.obj (.text:ti_sysbios_family_arm_m3_Hwi_enableInterrupt__E)
                  0000a0c4    00000044                  : BIOS.obj (.text:ti_sysbios_knl_Swi_post__E)
                  0000a108    00000044                  : BIOS.obj (.text:ti_sysbios_knl_Task_allBlockedFunction__I)
                  0000a14c    00000044     app_ble_pem3.oem3 (.text:ti_sysbios_knl_Task_create)
                  0000a190    00000042     icall.obj (.text:ICall_primCreateTask$26)
                  0000a1d2    00000002     sysbios.aem3 : BIOS.obj (.text:ti_sysbios_knl_Clock_triggerFunc__I)
                  0000a1d4    00000040     ExtFlash.obj (.text:ExtFlash_open)
                  0000a214    00000040     ExtFlash.obj (.text:ExtFlash_readInfo$30)
                  0000a254    00000040     peripheral.obj (.text:GAPRole_createTask)
                  0000a294    00000040     driverlib.lib : ddi.obj (.text:NOROM_DDI16BitfieldRead)
                  0000a2d4    00000040     oad_target_external_flash.obj (.text:OADTarget_storeImageHeader)
                  0000a314    00000040     PDMCC26XX.obj (.text:PDMCC26XX_setPcmBufferReady$19)
                  0000a354    00000040     RFCC26XX_singleMode.obj (.text:RF_getRssi)
                  0000a394    00000040     simplekeys.obj (.text:SK_readAttrCB$50)
                  0000a3d4    00000040     SensorMpu9250.obj (.text:SensorMpu9250_magTest)
                  0000a414    00000040     sensortag_buzzer.obj (.text:SensorTagBuzzer_setFrequency)
                  0000a454    00000040     sensortag_factoryreset.obj (.text:SensorTagFactoryReset_applyFactoryImage)
                  0000a494    00000040     sensortag_oad.obj (.text:SensorTagOad_processEvent)
                  0000a4d4    00000040     ExtFlash.obj (.text:extFlashVerifyPart$30)
                  0000a514    00000040     sysbios.aem3 : BIOS.obj (.text:ti_sysbios_family_arm_m3_Hwi_getStackInfo__E)
                  0000a554    00000040                  : BIOS.obj (.text:xdc_runtime_HeapMin_alloc__E)
                  0000a594    0000003e     icall_api.obj (.text:hciSendParamsCmd$29)
                  0000a5d2    00000002     sysbios.aem3 : BIOS.obj (.text:ti_sysbios_knl_Swi_Instance_finalize__E)
                  0000a5d4    0000003c     icall_api.obj (.text:GAP_GetParamValue)
                  0000a610    0000003c     icall_api.obj (.text:GATTServApp_RegisterService)
                  0000a64c    0000003c     sensortag_audio.obj (.text:HIDAdvRemote_sendStopCmd$1)
                  0000a688    0000003c     icall_cc2650.obj (.text:ICallPlatform_pwrConfigACAction)
                  0000a6c4    0000003c     driverlib.lib : osc.obj (.text:NOROM_OSC_HPOSCRelativeFrequencyOffsetGet)
                  0000a700    0000003c                   : rfc.obj (.text:NOROM_RFCSynthPowerDown)
                  0000a73c    0000003c     PDMCC26XX.obj (.text:PDMCC26XX_requestBuffer)
                  0000a778    0000003c     PINCC26XX.obj (.text:PINCC26XX_getConfig)
                  0000a7b4    0000003c     RFCC26XX_singleMode.obj (.text:RF_runCmd)
                  0000a7f0    0000003c     SPICC26XXDMA.obj (.text:SPICC26XXDMA_csnCallback$23)
                  0000a82c    0000003c     sensortag_buzzer.obj (.text:SensorTagBuzzer_open)
                  0000a868    0000003c     sensortag.obj (.text:SensorTag_createTask)
                  0000a8a4    0000003c     oad.obj (.text:oadReadAttrCB$46)
                  0000a8e0    0000003c     RFCC26XX_singleMode.obj (.text:postDirImmCmd$21)
                  0000a91c    0000003c     icall_api.obj (.text:profileSetParameter$29)
                  0000a958    0000003c     icall_api.obj (.text:sendWaitMatchCS$29)
                  0000a994    0000003c     icall_api.obj (.text:sendWaitMatchValueCS$29)
                  0000a9d0    0000003c     app_ble_pem3.oem3 (.text:ti_sysbios_family_arm_m3_Hwi_construct)
                  0000aa0c    0000003a     sysbios.aem3 : BIOS.obj (.text:ti_sysbios_knl_Task_exit__E)
                  0000aa46    00000002                  : BIOS.obj (.text:xdc_runtime_Error_policySpin__E)
                  0000aa48    00000038     icall_api.obj (.text:GAPBondMgr_LinkEst)
                  0000aa80    00000038     sensortag_audio.obj (.text:HIDAdvRemote_stopStreamingVoice$1)
                  0000aab8    00000038     I2C.obj (.text:I2C_init)
                  0000aaf0    00000038     icall.obj (.text:ICall_primGetMaxMSecs$26)
                  0000ab28    00000038     PDMCC26XX.obj (.text:PDMCC26XX_initIO$19)
                  0000ab60    00000038     SensorI2C.obj (.text:SensorI2C_write)
                  0000ab98    00000038     SensorI2C.obj (.text:SensorI2C_writeRead)
                  0000abd0    00000038     util.obj (.text:Util_restartClock)
                  0000ac08    00000038     battservice.obj (.text:battMeasure$40)
                  0000ac40    00000038     battservice.obj (.text:battNotifyLevel$40)
                  0000ac78    00000038     peripheral.obj (.text:gapRole_HandleParamUpdateNoSuccess$48)
                  0000acb0    00000038     icall_api.obj (.text:linkDB_NumConns)
                  0000ace8    00000038     sysbios.aem3 : BIOS.obj (.text:ti_sysbios_family_arm_cc26xx_Timer_getCurrentTick__E)
                  0000ad20    00000038                  : BIOS.obj (.text:ti_sysbios_family_arm_m3_Hwi_Instance_finalize__E)
                  0000ad58    00000038                  : BIOS.obj (.text:ti_sysbios_knl_Clock_Instance_init__E)
                  0000ad90    00000038     app_ble_pem3.oem3 (.text:ti_sysbios_knl_Clock_create)
                  0000adc8    00000038     app_ble_pem3.oem3 (.text:ti_sysbios_knl_Swi_construct)
                  0000ae00    00000038     app_ble_pem3.oem3 (.text:ti_sysbios_knl_Task_construct)
                  0000ae38    00000038     sysbios.aem3 : BIOS.obj (.text:xdc_runtime_System_atexit__E)
                  0000ae70    00000036     UDMACC26XX.obj (.text:UDMACC26XX_close)
                  0000aea6    00000036     RFCC26XX_singleMode.obj (.text:updateImplicitState$21)
                  0000aedc    00000034     audio_profile.obj (.text:Audio_AddService)
                  0000af10    00000034     icall_api.obj (.text:GAPBondMgr_SetParameter)
                  0000af44    00000034     peripheral.obj (.text:GAPRole_SendUpdateParam)
                  0000af78    00000034     icall_api.obj (.text:GAP_SetParamValue)
                  0000afac    00000034     icall.obj (.text:ICall_primEntityId2ServiceId$26)
                  0000afe0    00000034     icall.obj (.text:ICall_primFetchMsg$26)
                  0000b014    00000034     icall.obj (.text:ICall_primRegisterISR$26)
                  0000b048    00000034     icall.obj (.text:ICall_primRegisterISR_Ext$26)
                  0000b07c    00000034     icall.obj (.text:ICall_searchServiceEntity)
                  0000b0b0    00000034     ioservice.obj (.text:Io_setParameter)
                  0000b0e4    00000034     driverlib.lib : osc.obj (.text:NOROM_OSCHF_SwitchToRcOscTurnOffXosc)
                  0000b118    00000034                   : trng.obj (.text:NOROM_TRNGConfigure)
                  0000b14c    00000034     PINCC26XX.obj (.text:PIN_setOutputValue)
                  0000b180    00000034     drivers_cc26xxware.aem3 : PowerCC26XX.oem3 (.text:PowerCC26XX_isStableXOSC_HF)
                  0000b1b4    00000034     RFCC26XX_singleMode.obj (.text:Q_push$21)
                  0000b1e8    00000034     sensortag_keys.obj (.text:SensorTagKeys_processKeyLeft)
                  0000b21c    00000034     sensortag_keys.obj (.text:SensorTagKeys_processKeyRight)
                  0000b250    00000034     sensortag_keys.obj (.text:SensorTagKeys_processRelay)
                  0000b284    00000034     icall_api.obj (.text:osal_snv_read)
                  0000b2b8    00000034     icall_api.obj (.text:osal_snv_write)
                  0000b2ec    00000034     icall_api.obj (.text:profileAddService$29)
                  0000b320    00000034     sysbios.aem3 : BIOS.obj (.text:ti_sysbios_family_arm_cc26xx_Timer_initDevice__I)
                  0000b354    00000034     app_ble_pem3.oem3 (.text:ti_sysbios_knl_Clock_construct)
                  0000b388    00000034     app_ble_pem3.oem3 (.text:ti_sysbios_knl_Semaphore_create)
                  0000b3bc    00000034     sysbios.aem3 : BIOS.obj (.text:ti_sysbios_knl_Swi_restore__E)
                  0000b3f0    00000034                  : BIOS.obj (.text:ti_sysbios_knl_Task_blockI__E)
                  0000b424    00000032     icall_api.obj (.text:gapSendParamsCmd$29)
                  0000b456    00000032     icall_api.obj (.text:gapSendPtrParamsCmd$29)
                  0000b488    00000032     icall_api.obj (.text:matchGapSetGetParamCS$29)
                  0000b4ba    00000032     icall_api.obj (.text:matchGattCmdStatus$29)
                  0000b4ec    00000032     icall_api.obj (.text:matchUtilNvCS$29)
                  0000b51e    00000032     sysbios.aem3 : BIOS.obj (.text:ti_sysbios_family_arm_cc26xx_Timer_setNextTick__E)
                  0000b550    00000030     ExtFlash.obj (.text:ExtFlash_close)
                  0000b580    00000030     icall_cc2650.obj (.text:ICallPlatform_pwrNotify$27)
                  0000b5b0    00000030     icall.obj (.text:ICall_msecs2Ticks$26)
                  0000b5e0    00000030     icall.obj (.text:ICall_searchTask$26)
                  0000b610    00000030     driverlib.lib : i2s.obj (.text:NOROM_I2SSampleStampConfigure)
                  0000b640    00000030                   : prcm.obj (.text:NOROM_PRCMAudioClockConfigSetOverride)
                  0000b670    00000030                   : setup.obj (.text:NOROM_SetupSetAonRtcSubSecInc)
                  0000b6a0    00000030     drivers_cc26xxware.aem3 : PDMCC26XX_util.oem3 (.text:PDMCC26XX_I2S_cleanUpQueues)
                  0000b6d0    00000030     PINCC26XX.obj (.text:PIN_setInterrupt)
                  0000b700    00000030     drivers_cc26xxware.aem3 : PowerCC26XX.oem3 (.text:Power_releaseConstraint)
                  0000b730    00000030                             : PowerCC26XX.oem3 (.text:Power_setConstraint)
                  0000b760    00000030     ExtFlash.obj (.text:Spi_open$30)
                  0000b790    00000030     ExtFlash.obj (.text:Spi_read$30)
                  0000b7c0    00000030     ExtFlash.obj (.text:Spi_write$30)
                  0000b7f0    00000030     oad.obj (.text:crc16$46)
                  0000b820    00000030     sensortag_factoryreset.obj (.text:crc16$6)
                  0000b850    00000030     oad_target_external_flash.obj (.text:saveImageInfo)
                  0000b880    00000030     app_ble_pem3.oem3 (.text:ti_sysbios_BIOS_atExitFunc__I)
                  0000b8b0    00000030     app_ble_pem3.oem3 (.text:ti_sysbios_BIOS_startFunc__I)
                  0000b8e0    00000030     sysbios.aem3 : BIOS.obj (.text:ti_sysbios_family_arm_cc26xx_Timer_setThreshold__I)
                  0000b910    00000030     app_ble_pem3.oem3 (.text:ti_sysbios_gates_GateHwi_Object__create__S)
                  0000b940    00000030     app_ble_pem3.oem3 (.text:ti_sysbios_gates_GateMutex_Object__create__S)
                  0000b970    00000030     sysbios.aem3 : BIOS.obj (.text:ti_sysbios_gates_GateMutex_enter__E)
                  0000b9a0    00000030     app_ble_pem3.oem3 (.text:ti_sysbios_knl_Semaphore_construct)
                  0000b9d0    00000030     sysbios.aem3 : BIOS.obj (.text:ti_sysbios_knl_Task_processVitalTaskFlag__I)
                  0000ba00    00000030     app_ble_pem3.oem3 (.text:xdc_runtime_HeapMin_Object__create__S)
                  0000ba30    00000030     sysbios.aem3 : BIOS.obj (.text:xdc_runtime_HeapMin_free__E)
                  0000ba60    00000030                  : BIOS.obj (.text:xdc_runtime_System_processAtExit__E)
                  0000ba90    0000002e     icall_cc2650.obj (.text:ICallPlatform_pwrDispenseImpl$27)
                  0000babe    0000002e     icall_cc2650.obj (.text:ICallPlatform_pwrRequireImpl$27)
                  0000baec    0000002e     sensortag.obj (.text:ICall_fetchServiceMsg$0)
                  0000bb1a    0000002e     peripheral.obj (.text:ICall_fetchServiceMsg$48)
                  0000bb48    0000002e     icall.obj (.text:ICall_msgDequeue$26)
                  0000bb76    0000002e     PDMCC26XX.obj (.text:PDMCC26XX_getNewPcmBuffer$19)
                  0000bba4    0000002e     simplekeys.obj (.text:SK_writeAttrCB$50)
                  0000bbd2    0000002e     icall_api.obj (.text:matchProfileAddServiceCS$29)
                  0000bc00    0000002e     sysbios.aem3 : BIOS.obj (.text:ti_sysbios_family_arm_m3_TaskSupport_start__E)
                  0000bc2e    00000002                  : BIOS.obj (.text:xdc_runtime_SysCallback_defaultAbort)
                  0000bc30    0000002c     ExtFlash.obj (.text:ExtFlash_writeEnable$30)
                  0000bc5c    0000002c     icall_api.obj (.text:GAPBondMgr_Register)
                  0000bc88    0000002c     icall.obj (.text:ICall_heapFree)
                  0000bcb4    0000002c     audio_profile.obj (.text:ICall_malloc$39)
                  0000bce0    0000002c     battservice.obj (.text:ICall_malloc$40)
                  0000bd0c    0000002c     ccservice.obj (.text:ICall_malloc$41)
                  0000bd38    0000002c     ioservice.obj (.text:ICall_malloc$45)
                  0000bd64    0000002c     oad.obj (.text:ICall_malloc$46)
                  0000bd90    0000002c     simplekeys.obj (.text:ICall_malloc$50)
                  0000bdbc    0000002c     icall.obj (.text:ICall_msgEnqueue$26)
                  0000bde8    0000002c     icall.obj (.text:ICall_primAllocMsg$26)
                  0000be14    0000002c     icall.obj (.text:ICall_primFetchServiceMsg$26)
                  0000be40    0000002c     icall_api.obj (.text:ICall_sendServiceMsg$29)
                  0000be6c    0000002c     driverlib.lib : ddi.obj (.text:NOROM_DDI32RegWrite)
                  0000be98    0000002c                   : setup.obj (.text:NOROM_SetupGetTrimForRadcExtCfg)
                  0000bec4    0000002c     PINCC26XX.obj (.text:PINCC26XX_setMux)
                  0000bef0    0000002c     PINCC26XX.obj (.text:PIN_setConfig)
                  0000bf1c    0000002c     sensortag_batt.obj (.text:SensorTagBatt_init)
                  0000bf48    0000002c     ExtFlash.obj (.text:extFlashPowerStandby$30)
                  0000bf74    0000002c     RFCC26XX_singleMode.obj (.text:getCmd$21)
                  0000bfa0    0000002c     sysbios.aem3 : BIOS.obj (.text:ti_sysbios_hal_Hwi_initStack)
                  0000bfcc    0000002c                  : BIOS.obj (.text:ti_sysbios_knl_Clock_getTicksUntilInterrupt__E)
                  0000bff8    0000002c     app_ble_pem3.oem3 (.text:ti_sysbios_knl_Event_construct)
                  0000c024    0000002c     sysbios.aem3 : BIOS.obj (.text:ti_sysbios_knl_Event_pendTimeout__I)
                  0000c050    0000002c     app_ble_pem3.oem3 (.text:ti_sysbios_knl_Queue_construct)
                  0000c07c    0000002c     sysbios.aem3 : BIOS.obj (.text:ti_sysbios_knl_Semaphore_pendTimeout__I)
                  0000c0a8    0000002c                  : BIOS.obj (.text:ti_sysbios_knl_Task_unblockI__E)
                  0000c0d4    0000002c     st_util.obj (.text:utilExtractUuid16)
                  0000c100    0000002a     icall_api.obj (.text:ICall_waitMatch$29)
                  0000c12a    0000002a     TRNGCC26XX.obj (.text:TRNGCC26XX_isParamValid)
                  0000c154    0000002a     util.obj (.text:Util_enqueueMsg)
                  0000c17e    0000002a     icall_api.obj (.text:matchProfileCS$29)
                  0000c1a8    00000028     battservice.obj (.text:Batt_AddService)
                  0000c1d0    00000028     ccservice.obj (.text:CcService_addService)
                  0000c1f8    00000028     ccservice.obj (.text:CcService_setParameter)
                  0000c220    00000028     gattservapp_util.obj (.text:GATTServApp_WriteCharCfg)
                  0000c248    00000028     sensortag_audio.obj (.text:HIDAdvRemote_signalStopStreamEvt$1)
                  0000c270    00000028     icall.obj (.text:ICall_init)
                  0000c298    00000028     icall.obj (.text:ICall_msgPrepend$26)
                  0000c2c0    00000028     sensortag.obj (.text:ICall_registerApp$0)
                  0000c2e8    00000028     peripheral.obj (.text:ICall_registerApp$48)
                  0000c310    00000028     ioservice.obj (.text:Io_addService)
                  0000c338    00000028     driverlib.lib : aon_batmon.obj (.text:NOROM_AONBatMonTemperatureGetDegC)
                  0000c360    00000028                   : i2s.obj (.text:NOROM_I2SEnable)
                  0000c388    00000028     drivers_cc26xxware.aem3 : PowerCC26XX.oem3 (.text:PowerCC26XX_switchXOSC_HF)
                  0000c3b0    00000028                             : PowerCC26XX.oem3 (.text:Power_registerNotify)
                  0000c3d8    00000028     simplekeys.obj (.text:SK_AddService)
                  0000c400    00000028     simplekeys.obj (.text:SK_SetParameter)
                  0000c428    00000028     SPICC26XXDMA.obj (.text:SPICC26XXDMA_flushFifos$23)
                  0000c450    00000028     driverlib.lib : adi.obj (.text:SafeHapiVoid)
                  0000c478    00000028     SensorI2C.obj (.text:SensorI2C_writeReg)
                  0000c4a0    00000028     sensortag_audio.obj (.text:SensorTagAudio_enableStreaming)
                  0000c4c8    00000028     sensortag_buzzer.obj (.text:SensorTagBuzzer_close)
                  0000c4f0    00000028     sensortag_conn_ctrl.obj (.text:SensorTagConnControl_paramUpdateCB)
                  0000c518    00000028     sensortag_keys.obj (.text:SensorTagKeys_init)
                  0000c540    00000028     sensortag_oad.obj (.text:SensorTagOad_init)
                  0000c568    00000028     sensortag.obj (.text:SensorTag_enqueueMsg$0)
                  0000c590    00000028     TRNGCC26XX.obj (.text:TRNGCC26XX_init)
                  0000c5b8    00000028     RFCC26XX_singleMode.obj (.text:clkPowerUpFxn$21)
                  0000c5e0    00000028     gattservapp_util.obj (.text:gattServApp_FindCharCfgItem$44)
                  0000c608    00000028     sysbios.aem3 : BIOS.obj (.text:ti_sysbios_family_arm_cc26xx_Timer_getMaxTicks__E)
                  0000c630    00000028                  : BIOS.obj (.text:ti_sysbios_knl_Clock_addI__E)
                  0000c658    00000028                  : BIOS.obj (.text:ti_sysbios_knl_Task_restore__E)
                  0000c680    00000026     drivers_cc26xxware.aem3 : List.oem3 (.text:List_put)
                  0000c6a6    00000026     sysbios.aem3 : BIOS.obj (.text:ti_sysbios_hal_Hwi_Instance_init__E)
                  0000c6cc    00000024     icall_api.obj (.text:GAPBondMgr_LinkTerm)
                  0000c6f0    00000024     sensortag_audio.obj (.text:HIDAdvRemote_audioFree$1)
                  0000c714    00000024     sensortag_audio.obj (.text:HIDAdvRemote_pdmCB$1)
                  0000c738    00000024     I2C.obj (.text:I2C_open)
                  0000c75c    00000024     icall_api.obj (.text:ICall_getLocalMsgEntityId$29)
                  0000c780    00000024     icall_api.obj (.text:ICall_threadServes$29)
                  0000c7a4    00000024     PINCC26XX.obj (.text:PINCC26XX_getPinCount)
                  0000c7c8    00000024     SPI.obj (.text:SPI_open)
                  0000c7ec    00000024     oad_target_external_flash.obj (.text:getImageFlag)
                  0000c810    00000024     drivers_cc26xxware.aem3 : PowerCC26XX_calibrateRCOSC.oem3 (.text:getTdcSemaphore)
                  0000c834    00000024     RFCC26XX_singleMode.obj (.text:hwiFxnCpe0PowerFsm$21)
                  0000c858    00000024     app_ble_pem3.oem3 (.text:ti_sysbios_BIOS_registerRTSLock__I)
                  0000c87c    00000024     app_ble_pem3.oem3 (.text:ti_sysbios_BIOS_removeRTSLock__I)
                  0000c8a0    00000024     sysbios.aem3 : BIOS.obj (.text:ti_sysbios_family_arm_cc26xx_Timer_Module_startup__E)
                  0000c8c4    00000024                  : BIOS.obj (.text:ti_sysbios_family_arm_cc26xx_Timer_startup__E)
                  0000c8e8    00000024                  : BIOS.obj (.text:ti_sysbios_knl_Semaphore_Instance_init__E)
                  0000c90c    00000024                  : BIOS.obj (.text:ti_sysbios_knl_Swi_Module_startup__E)
                  0000c930    00000022     icall.obj (.text:ICall_dispatch$26)
                  0000c952    00000022     sensortag.obj (.text:ICall_malloc$0)
                  0000c974    00000022     sensortag_oad.obj (.text:ICall_malloc$11)
                  0000c996    00000022     util.obj (.text:ICall_malloc$15)
                  0000c9b8    00000022     main.obj (.text:main)
                  0000c9da    00000022     rtsv7M3_T_le_eabi.lib : memcmp.obj (.text)
                  0000c9fc    00000022     sysbios.aem3 : BIOS.obj (.text:ti_sysbios_family_arm_cc26xx_Timer_postInit__I)
                  0000ca1e    00000002                  : BIOS.obj (.text:xdc_runtime_SysCallback_defaultExit)
                  0000ca20    00000020     gattservapp_util.obj (.text:GATTServApp_InitCharCfg)
                  0000ca40    00000020     icall_api.obj (.text:ICall_allocMsg$29)
                  0000ca60    00000020     icall_api.obj (.text:ICall_getEntityId$29)
                  0000ca80    00000020     sensortag_audio.obj (.text:ICall_malloc$1)
                  0000caa0    00000020     devinfoservice.obj (.text:ICall_malloc$42)
                  0000cac0    00000020     icall.obj (.text:ICall_primService$26)
                  0000cae0    00000020     icall.obj (.text:ICall_searchService$26)
                  0000cb00    00000020     driverlib.lib : i2s.obj (.text:NOROM_I2SAudioFormatConfigure)
                  0000cb20    00000020                   : rfc.obj (.text:NOROM_RFCDoorbellSendTo)
                  0000cb40    00000020                   : rfc.obj (.text:NOROM_RFCRfTrimRead)
                  0000cb60    00000020                   : setup.obj (.text:NOROM_SetupGetTrimForXoscHfCtl)
                  0000cb80    00000020     drivers_cc26xxware.aem3 : PowerCC26XX.oem3 (.text:Power_unregisterNotify)
                  0000cba0    00000020     sensortag_batt.obj (.text:SensorTagBatt_reset)
                  0000cbc0    00000020     sensortag_io.obj (.text:SensorTagIO_init)
                  0000cbe0    00000020     sensortag.obj (.text:SensorTag_processCharValueChangeEvt$0)
                  0000cc00    00000020     UDMACC26XX.obj (.text:UDMACC26XX_initHw$25)
                  0000cc20    00000020     RFCC26XX_singleMode.obj (.text:allocCmd$21)
                  0000cc40    00000020     app_ble_pem3.oem3 (.text:ti_sysbios_BIOS_rtsLock__I)
                  0000cc60    00000020     sysbios.aem3 : BIOS.obj (.text:ti_sysbios_family_arm_cc26xx_Timer_dynamicStub__E)
                  0000cc80    00000020                  : m3_Hwi_asm.obj (.text:ti_sysbios_family_arm_m3_Hwi_excHandlerAsm__I)
                  0000cca0    00000020                  : BIOS.obj (.text:ti_sysbios_family_arm_m3_Hwi_excHandler__I)
                  0000ccc0    00000020                  : BIOS.obj (.text:ti_sysbios_knl_Clock_Module_startup__E)
                  0000cce0    00000020                  : BIOS.obj (.text:ti_sysbios_knl_Clock_getTicks__E)
                  0000cd00    00000020                  : BIOS.obj (.text:ti_sysbios_knl_Clock_stop__E)
                  0000cd20    00000020                  : BIOS.obj (.text:ti_sysbios_knl_Event_checkEvents__I)
                  0000cd40    00000020                  : BIOS.obj (.text:ti_sysbios_knl_Idle_run__E)
                  0000cd60    00000020     app_ble_pem3.oem3 (.text:ti_sysbios_knl_Semaphore_Object__destruct__S)
                  0000cd80    00000020     sysbios.aem3 : BIOS.obj (.text:ti_sysbios_knl_Task_restoreHwi__E)
                  0000cda0    0000001e     icall.obj (.text:ICall_primSendServiceMsg$26)
                  0000cdbe    0000001e     PINCC26XX.obj (.text:PIN_close)
                  0000cddc    0000001e     drivers_cc26xxware.aem3 : PowerCC26XX.oem3 (.text:Power_getTransitionLatency)
                  0000cdfa    0000001e     icall_api.obj (.text:matchHciCS$29)
                  0000ce18    0000001e     sysbios.aem3 : m3_Hwi_asm_switch.obj (.text:ti_sysbios_family_xxx_Hwi_switchAndRunFunc)
                  0000ce36    0000001e     icall_api.obj (.text:waitMatchCS$29)
                  0000ce54    0000001c     battservice.obj (.text:Batt_MeasLevel)
                  0000ce70    0000001c     icall_api.obj (.text:GATT_bm_alloc)
                  0000ce8c    0000001c     icall_api.obj (.text:GATT_bm_free)
                  0000cea8    0000001c     sensortag_audio.obj (.text:HIDAdvRemote_transmitAudioFrame$1)
                  0000cec4    0000001c     icall.obj (.text:ICall_initPrim$26)
                  0000cee0    0000001c     sensortag.obj (.text:ICall_wait$0)
                  0000cefc    0000001c     peripheral.obj (.text:ICall_wait$48)
                  0000cf18    0000001c     driverlib.lib : osc.obj (.text:NOROM_OSCClockSourceGet)
                  0000cf34    0000001c                   : setup.obj (.text:NOROM_SetupGetTrimForAmpcompTh2)
                  0000cf50    0000001c                   : setup.obj (.text:NOROM_SetupGetTrimForRcOscLfRtuneCtuneTrim)
                  0000cf6c    0000001c     PINCC26XX.obj (.text:PINCC26XX_setIoCfgMux$20)
                  0000cf88    0000001c     PINCC26XX.obj (.text:PIN_hwi$20)
                  0000cfa4    0000001c     RFCC26XX_singleMode.obj (.text:RF_runDirectCmd)
                  0000cfc0    0000001c     RFCC26XX_singleMode.obj (.text:RF_runImmediateCmd)
                  0000cfdc    0000001c     SPI.obj (.text:SPI_Params_init)
                  0000cff8    0000001c     sensortag_batt.obj (.text:SensorTagBatt_processCharChangeEvt)
                  0000d014    0000001c     sensortag.obj (.text:SensorTag_processAppMsg$0)
                  0000d030    0000001c     TRNGCC26XX.obj (.text:TRNGCC26XX_open)
                  0000d04c    0000001c     icall_api.obj (.text:getStatusValueFromErrNo$29)
                  0000d068    0000001c     TRNGCC26XX.obj (.text:openTRNG)
                  0000d084    0000001c     app_ble_pem3.oem3 (.text:ti_sysbios_family_arm_m3_Hwi_Object__destruct__S)
                  0000d0a0    0000001c     sysbios.aem3 : BIOS.obj (.text:ti_sysbios_family_arm_m3_Hwi_clearInterrupt__E)
                  0000d0bc    0000001c                  : BIOS.obj (.text:ti_sysbios_family_arm_m3_Hwi_setPriority__E)
                  0000d0d8    0000001c                  : BIOS.obj (.text:ti_sysbios_gates_GateMutex_Instance_init__E)
                  0000d0f4    0000001c     app_ble_pem3.oem3 (.text:ti_sysbios_hal_Hwi_HwiProxy_create)
                  0000d110    0000001c     sysbios.aem3 : BIOS.obj (.text:ti_sysbios_knl_Clock_scheduleNextTick__E)
                  0000d12c    0000001c     app_ble_pem3.oem3 (.text:ti_sysbios_knl_Queue_Object__destruct__S)
                  0000d148    0000001c     sysbios.aem3 : BIOS.obj (.text:ti_sysbios_knl_Queue_get__E)
                  0000d164    0000001c                  : BIOS.obj (.text:ti_sysbios_knl_Queue_put__E)
                  0000d180    0000001c     app_ble_pem3.oem3 (.text:ti_sysbios_knl_Swi_Object__destruct__S)
                  0000d19c    0000001c     sysbios.aem3 : BIOS.obj (.text:ti_sysbios_knl_Task_enter__I)
                  0000d1b8    0000001c                  : BIOS.obj (.text:xdc_runtime_Error_check__E)
                  0000d1d4    0000001c                  : BIOS.obj (.text:xdc_runtime_Error_raiseX__E)
                  0000d1f0    0000001c                  : BIOS.obj (.text:xdc_runtime_Memory_valloc__E)
                  0000d20c    0000001c                  : BIOS.obj (.text:xdc_runtime_System_abort__E)
                  0000d228    0000001a     icall_api.obj (.text:GATT_Notification)
                  0000d242    0000001a     icall.obj (.text:ICall_enterCSImpl)
                  0000d25c    0000001a     icall.obj (.text:ICall_primSetTimerMSecs$26)
                  0000d276    0000001a     drivers_cc26xxware.aem3 : List.oem3 (.text:List_remove)
                  0000d290    0000001a     util.obj (.text:Util_dequeueMsg)
                  0000d2aa    0000001a     ExtFlash.obj (.text:extFlashPowerDown$30)
                  0000d2c4    0000001a     icall_api.obj (.text:matchGattIndNotiCS$29)
                  0000d2de    0000001a     sysbios.aem3 : m3_Hwi_asm.obj (.text:ti_sysbios_family_arm_m3_Hwi_pendSV__I)
                  0000d2f8    0000001a                  : BIOS.obj (.text:ti_sysbios_knl_Task_sleepTimeout__I)
                  0000d312    00000002                  : BIOS.obj (.text:xdc_runtime_System_abortSpin__E)
                  0000d314    00000018     battservice.obj (.text:Batt_SetParameter)
                  0000d32c    00000018     oad.obj (.text:CheckImageDownloadCount$46)
                  0000d344    00000018     peripheral.obj (.text:GAPRole_StartDevice)
                  0000d35c    00000018     peripheral.obj (.text:GAPRole_TerminateConnection)
                  0000d374    00000018     I2C.obj (.text:I2C_Params_init)
                  0000d38c    00000018     icall_cc2650.obj (.text:ICallPlatform_pwrDispense)
                  0000d3a4    00000018     icall_cc2650.obj (.text:ICallPlatform_pwrRequire)
                  0000d3bc    00000018     sensortag.obj (.text:ICall_free$0)
                  0000d3d4    00000018     sensortag_oad.obj (.text:ICall_free$11)
                  0000d3ec    00000018     util.obj (.text:ICall_free$15)
                  0000d404    00000018     sensortag_audio.obj (.text:ICall_free$1)
                  0000d41c    00000018     devinfoservice.obj (.text:ICall_free$42)
                  0000d434    00000018     oad.obj (.text:ICall_free$46)
                  0000d44c    00000018     sensortag.obj (.text:ICall_freeMsg$0)
                  0000d464    00000018     icall.obj (.text:ICall_freeMsg$26)
                  0000d47c    00000018     icall_api.obj (.text:ICall_freeMsg$29)
                  0000d494    00000018     peripheral.obj (.text:ICall_freeMsg$48)
                  0000d4ac    00000018     icall.obj (.text:ICall_primMalloc$26)
                  0000d4c4    00000018     driverlib.lib : aon_rtc.obj (.text:NOROM_AONRTCCurrentCompareValueGet)
                  0000d4dc    00000018                   : chipinfo.obj (.text:NOROM_ChipInfo_GetPackageType)
                  0000d4f4    00000018                   : i2s.obj (.text:NOROM_I2SBufferConfig)
                  0000d50c    00000018                   : osc.obj (.text:NOROM_OSCHF_TurnOnXosc)
                  0000d524    00000018                   : rfc.obj (.text:NOROM_RFCCpeIntGetAndClear)
                  0000d53c    00000018                   : setup.obj (.text:NOROM_SetupGetTrimForAdcShModeEn)
                  0000d554    00000018                   : setup.obj (.text:NOROM_SetupGetTrimForAdcShVbufEn)
                  0000d56c    00000018                   : setup.obj (.text:NOROM_SetupGetTrimForAmpcompTh1)
                  0000d584    00000018                   : setup.obj (.text:NOROM_SetupGetTrimForDblrLoopFilterResetVoltage)
                  0000d59c    00000018                   : setup.obj (.text:NOROM_SetupGetTrimForRcOscLfIBiasTrim)
                  0000d5b4    00000018                   : setup.obj (.text:NOROM_SetupGetTrimForXoscLfRegulatorAndCmirrwrRatio)
                  0000d5cc    00000018     oad_target_external_flash.obj (.text:OADTarget_close)
                  0000d5e4    00000018     oad_target_external_flash.obj (.text:OADTarget_open)
                  0000d5fc    00000018     oad.obj (.text:OAD_register)
                  0000d614    00000018     drivers_cc26xxware.aem3 : PDMCC26XX_util.oem3 (.text:PDMCC26XX_I2S_init)
                  0000d62c    00000018     PDMCC26XX.obj (.text:PDMCC26XX_i2sCallbackFxn$19)
                  0000d644    00000018     PINCC26XX.obj (.text:PIN_getConfig)
                  0000d65c    00000018     drivers_cc26xxware.aem3 : PowerCC26XX.oem3 (.text:Power_idleFunc)
                  0000d674    00000018     RFCC26XX_singleMode.obj (.text:Q_pop$21)
                  0000d68c    00000018     sensortag_audio.obj (.text:SensorTagAudio_reset)
                  0000d6a4    00000018     sensortag_batt.obj (.text:SensorTagBatt_clockHandler$3)
                  0000d6bc    00000018     sensortag.obj (.text:SensorTag_callback$0)
                  0000d6d4    00000018     sensortag.obj (.text:SensorTag_clockHandler$0)
                  0000d6ec    00000018     sensortag.obj (.text:SensorTag_updateAdvertisingData)
                  0000d704    00000018     ExtFlash.obj (.text:Spi_close$30)
                  0000d71c    00000018     ExtFlash.obj (.text:Spi_flash$30)
                  0000d734    00000018     drivers_cc26xxware.aem3 : PowerCC26XX.oem3 (.text:configureRFCoreClocks)
                  0000d74c    00000018     peripheral.obj (.text:gapRole_setEvent$48)
                  0000d764    00000018     rtsv7M3_T_le_eabi.lib : args_main.obj (.text)
                  0000d77c    00000018                           : ll_mul_t2.obj (.text)
                  0000d794    00000018     RFCC26XX_singleMode.obj (.text:swiFxnFsm$21)
                  0000d7ac    00000018     app_ble_pem3.oem3 (.text:ti_sysbios_BIOS_rtsUnlock__I)
                  0000d7c4    00000018     app_ble_pem3.oem3 (.text:ti_sysbios_family_arm_cc26xx_Timer_Module__startupDone__F)
                  0000d7dc    00000018     app_ble_pem3.oem3 (.text:ti_sysbios_family_arm_m3_Hwi_Module__startupDone__F)
                  0000d7f4    00000018     sysbios.aem3 : BIOS.obj (.text:ti_sysbios_family_arm_m3_Hwi_plug__E)
                  0000d80c    00000018                  : BIOS.obj (.text:ti_sysbios_gates_GateMutex_leave__E)
                  0000d824    00000018                  : BIOS.obj (.text:ti_sysbios_knl_Swi_or__E)
                  0000d83c    00000018                  : BIOS.obj (.text:ti_sysbios_knl_Task_unblock__E)
                  0000d854    00000018                  : BIOS.obj (.text:xdc_runtime_Core_destructObject__I)
                  0000d86c    00000018                  : BIOS.obj (.text:xdc_runtime_System_exit__E)
                  0000d884    00000016     main.obj (.text:AssertHandler)
                  0000d89a    00000016     icall.obj (.text:ICall_abort$26)
                  0000d8b0    00000016     icall.obj (.text:ICall_leaveCSImpl)
                  0000d8c6    00000016     icall.obj (.text:ICall_primStopTimer$26)
                  0000d8dc    00000016     ble_user_config.obj (.text:driverTable_fnSpinlock)
                  0000d8f2    00000016     app_ble_pem3.oem3 (.text:ti_sysbios_BIOS_exitFunc__I)
                  0000d908    00000016     sysbios.aem3 : BIOS.obj (.text:ti_sysbios_knl_Clock_start__E)
                  0000d91e    00000002                  : BIOS.obj (.text:xdc_runtime_System_exitSpin__E)
                  0000d920    00000014     battservice.obj (.text:Batt_Register)
                  0000d934    00000014     ccservice.obj (.text:CcService_registerAppCBs)
                  0000d948    00000014     devinfoservice.obj (.text:DevInfo_AddService)
                  0000d95c    00000014     ExtFlash.obj (.text:ExtFlash_powerDown$30)
                  0000d970    00000014     icall_api.obj (.text:HCI_EXT_SetTxPowerCmd)
                  0000d984    00000014     ioservice.obj (.text:Io_getParameter)
                  0000d998    00000014     ioservice.obj (.text:Io_registerAppCBs)
                  0000d9ac    00000014     driverlib.lib : aon_rtc.obj (.text:NOROM_AONRTCCurrent64BitValueGet)
                  0000d9c0    00000014                   : i2s.obj (.text:NOROM_I2SPointerSet)
                  0000d9d4    00000014                   : chipinfo.obj (.text:NOROM_ThisCodeIsBuiltForCC26xxHwRev22AndLater_HaltIfViolated)
                  0000d9e8    00000014     oad_target_external_flash.obj (.text:OADTarget_writeFlash)
                  0000d9fc    00000014     drivers_cc26xxware.aem3 : PDMCC26XX_util.oem3 (.text:PDMCC26XX_I2S_releaseBuffer)
                  0000da10    00000014     PINCC26XX.obj (.text:PINCC26XX_getInputValue$20)
                  0000da24    00000014     PINCC26XX.obj (.text:PINCC26XX_getOutputValue$20)
                  0000da38    00000014     RFCC26XX_singleMode.obj (.text:RF_Params_init)
                  0000da4c    00000014     SensorMpu9250.obj (.text:SensorMpu9250_powerIsOn)
                  0000da60    00000014     sensortag_batt.obj (.text:SensorTagBatt_processSensorEvent)
                  0000da74    00000014     sensortag_keys.obj (.text:SensorTagKeys_reset)
                  0000da88    00000014     ExtFlash.obj (.text:extFlashDeselect$30)
                  0000da9c    00000014     ExtFlash.obj (.text:extFlashSelect$30)
                  0000dab0    00000014     rtsv7M3_T_le_eabi.lib : _lock.obj (.text)
                  0000dac4    00000014                           : strlen.obj (.text)
                  0000dad8    00000014     icall_api.obj (.text:setICallCmdEvtHdr$29)
                  0000daec    00000014     app_ble_pem3.oem3 (.text:ti_sysbios_family_arm_m3_Hwi_Object__get__S)
                  0000db00    00000014     sysbios.aem3 : BIOS.obj (.text:ti_sysbios_family_arm_m3_Hwi_switchFromBootStack__E)
                  0000db14    00000014     app_ble_pem3.oem3 (.text:ti_sysbios_knl_Clock_doTick__I)
                  0000db28    00000014     sysbios.aem3 : BIOS.obj (.text:ti_sysbios_knl_Event_Instance_init__E)
                  0000db3c    00000014     app_ble_pem3.oem3 (.text:ti_sysbios_knl_Swi_Object__get__S)
                  0000db50    00000012     ExtFlash.obj (.text:ExtFlash_test)
                  0000db62    00000012     gattservapp_util.obj (.text:GATTServApp_FindAttr)
                  0000db74    00000012     sensortag_audio.obj (.text:HIDAdvRemote_transmitAudioStreamCmd$1)
                  0000db86    00000012     RFCC26XX_singleMode.obj (.text:RF_getCmdOp)
                  0000db98    00000012     sysbios.aem3 : BIOS.obj (.text:ti_sysbios_hal_Hwi_Module_startup__E)
                  0000dbaa    00000012     app_ble_pem3.oem3 (.text:xdc_runtime_Startup_exec__I)
                  0000dbbc    00000010     ccservice.obj (.text:CcService_getParameter)
                  0000dbcc    00000010     RFCC26XX_singleMode.obj (.text:FsmDispatch$21)
                  0000dbdc    00000010     peripheral.obj (.text:GAPRole_RegisterAppCBs)
                  0000dbec    00000010     icall_api.obj (.text:GAP_EndDiscoverable)
                  0000dbfc    00000010     gattservapp_util.obj (.text:GATTServApp_ReadCharCfg)
                  0000dc0c    00000010     icall_cc2650.obj (.text:ICallPlatform_pwrGetXOSCStartupTime)
                  0000dc1c    00000010     icall.obj (.text:ICall_primGetTickPeriod$26)
                  0000dc2c    00000010     icall.obj (.text:ICall_taskEntry$26)
                  0000dc3c    00000010     driverlib.lib : rfc.obj (.text:NOROM_RFCRfTrimSet)
                  0000dc4c    00000010                   : setup.obj (.text:NOROM_SetupGetTrimForXoscHfFastStart)
                  0000dc5c    00000010                   : setup.obj (.text:NOROM_SetupGetTrimForXoscHfIbiastherm)
                  0000dc6c    00000010     oad_target_external_flash.obj (.text:OADTarget_getCrc)
                  0000dc7c    00000010     oad_target_external_flash.obj (.text:OADTarget_setCrc)
                  0000dc8c    00000010     oad_target_external_flash.obj (.text:OADTarget_systemReset)
                  0000dc9c    00000010     PDMCC26XX.obj (.text:PDMCC26XX_close)
                  0000dcac    00000010     ble_user_config.obj (.text:RegisterAssertCback)
                  0000dcbc    00000010     sensortag.obj (.text:SensorTag_resetAllModules$0)
                  0000dccc    00000010     util.obj (.text:Util_isActive)
                  0000dcdc    00000010     I2CCC26XX.obj (.text:i2cPostNotify$18)
                  0000dcec    00000010     sysbios.aem3 : BIOS.obj (.text:ti_sysbios_BIOS_exit__E)
                  0000dcfc    00000010                  : BIOS.obj (.text:ti_sysbios_BIOS_getCpuFreq__E)
                  0000dd0c    00000010                  : BIOS.obj (.text:ti_sysbios_BIOS_setThreadType__E)
                  0000dd1c    00000010                  : BIOS.obj (.text:ti_sysbios_BIOS_start__E)
                  0000dd2c    00000010                  : BIOS.obj (.text:ti_sysbios_family_arm_m3_Hwi_post__E)
                  0000dd3c    00000010                  : m3_TaskSupport_asm.obj (.text:ti_sysbios_family_arm_m3_TaskSupport_glue)
                  0000dd4c    00000010                  : m3_TaskSupport_asm.obj (.text:ti_sysbios_family_arm_m3_TaskSupport_swap__E)
                  0000dd5c    00000010     app_ble_pem3.oem3 (.text:ti_sysbios_hal_Hwi_HwiProxy_Object__create__S)
                  0000dd6c    00000010     sysbios.aem3 : BIOS.obj (.text:ti_sysbios_knl_Semaphore_Instance_finalize__E)
                  0000dd7c    00000010                  : BIOS.obj (.text:ti_sysbios_knl_Swi_disable__E)
                  0000dd8c    00000010                  : BIOS.obj (.text:ti_sysbios_knl_Swi_enabled__E)
                  0000dd9c    00000010     app_ble_pem3.oem3 (.text:ti_sysbios_knl_Task_Object__get__S)
                  0000ddac    00000010     sysbios.aem3 : BIOS.obj (.text:ti_sysbios_knl_Task_disable__E)
                  0000ddbc    00000010                  : BIOS.obj (.text:xdc_runtime_Gate_leaveSystem__E)
                  0000ddcc    00000010                  : BIOS.obj (.text:xdc_runtime_SysCallback_abort__E)
                  0000dddc    00000010                  : BIOS.obj (.text:xdc_runtime_SysCallback_exit__E)
                  0000ddec    0000000e     icall_api.obj (.text:GATT_Indication)
                  0000ddfa    0000000e     icall_cc2650.obj (.text:ICallPlatform_pwrGetTransitionState)
                  0000de08    0000000e     icall_cc2650.obj (.text:ICallPlatform_pwrIsStableXOSCHF)
                  0000de16    0000000e     icall.obj (.text:ICall_primDisableMInt$26)
                  0000de24    0000000e     icall.obj (.text:ICall_primEnableMInt$26)
                  0000de32    0000000e     icall.obj (.text:ICall_primFreeMsg$26)
                  0000de40    0000000e     icall.obj (.text:ICall_primGetTicks$26)
                  0000de4e    0000000e     driverlib.lib : setup.obj (.text:NOROM_SetupSignExtendVddrTrimValue)
                  0000de5c    0000000e                   : vims.obj (.text:NOROM_VIMSModeGet)
                  0000de6a    0000000e     oad_target_external_flash.obj (.text:OADTarget_imageAddress)
                  0000de78    0000000e     SPICC26XXDMA.obj (.text:SPICC26XXDMA_init)
                  0000de86    0000000e     SensorI2C.obj (.text:SensorI2C_readReg)
                  0000de94    0000000e     util.obj (.text:Util_constructQueue)
                  0000dea2    0000000e     rtsv7M3_T_le_eabi.lib : copy_decompress_none.obj (.text:decompress:none)
                  0000deb0    0000000e     icall_api.obj (.text:matchGSARegisterServiceCS$29)
                  0000debe    0000000e     icall_api.obj (.text:matchGapLinkEstCS$29)
                  0000decc    0000000e     icall_api.obj (.text:matchLinkDBNumConnsCS$29)
                  0000deda    0000000e     icall_api.obj (.text:setDispatchCmdEvtHdr$29)
                  0000dee8    0000000e     sysbios.aem3 : BIOS.obj (.text:ti_sysbios_knl_Queue_empty__E)
                  0000def6    0000000e                  : BIOS.obj (.text:ti_sysbios_knl_Queue_remove__E)
                  0000df04    0000000e                  : BIOS.obj (.text:xdc_runtime_HeapMin_Instance_init__E)
                  0000df12    00000002     --HOLE-- [fill = 0]
                  0000df14    0000000c     RFCC26XX_singleMode.obj (.text:FsmNextState$21)
                  0000df20    0000000c     icall_api.obj (.text:GAP_MakeDiscoverable)
                  0000df2c    0000000c     icall_api.obj (.text:GAP_TerminateAuth)
                  0000df38    0000000c     icall_api.obj (.text:GAP_UpdateLinkParamReq)
                  0000df44    0000000c     icall_api.obj (.text:GAP_UpdateLinkParamReqReply)
                  0000df50    0000000c     icall_api.obj (.text:GGS_SetParameter)
                  0000df5c    0000000c     sensortag_audio.obj (.text:HIDAdvRemote_micKeyReleaseCB$1)
                  0000df68    0000000c     icall.obj (.text:ICall_clockFunc$26)
                  0000df74    0000000c     icall.obj (.text:ICall_primDisableInt$26)
                  0000df80    0000000c     icall.obj (.text:ICall_primEnableInt$26)
                  0000df8c    0000000c     icall.obj (.text:ICall_primFree$26)
                  0000df98    0000000c     icall.obj (.text:ICall_primSignal$26)
                  0000dfa4    0000000c     driverlib.lib : cpu.obj (.text:NOROM_CPUcpsid)
                  0000dfb0    0000000c                   : cpu.obj (.text:NOROM_CPUcpsie)
                  0000dfbc    0000000c     drivers_cc26xxware.aem3 : PowerCC26XX.oem3 (.text:Power_getConstraintMask)
                  0000dfc8    0000000c                             : PowerCC26XX.oem3 (.text:Power_getDependencyCount)
                  0000dfd4    0000000c                             : PowerCC26XX.oem3 (.text:Power_getTransitionState)
                  0000dfe0    0000000c     SensorI2C.obj (.text:SensorI2C_deselect)
                  0000dfec    0000000c     sensortag_conn_ctrl.obj (.text:SensorTagConnectionControl_init)
                  0000dff8    0000000c     sensortag.obj (.text:SensorTag_processGATTMsg$0)
                  0000e004    0000000c     sensortag.obj (.text:SensorTag_processStackMsg$0)
                  0000e010    0000000c     sensortag.obj (.text:SensorTag_testResult)
                  0000e01c    0000000c     rtsv7M3_T_le_eabi.lib : copy_zero_init.obj (.text:decompress:ZI)
                  0000e028    0000000c     icall_api.obj (.text:matchProfileSetParamCS$29)
                  0000e034    0000000c     SPICC26XXDMA.obj (.text:spiPostNotify$23)
                  0000e040    0000000c     sysbios.aem3 : BIOS.obj (.text:ti_sysbios_BIOS_getThreadType__E)
                  0000e04c    0000000c     app_ble_pem3.oem3 (.text:ti_sysbios_family_arm_m3_Hwi_Params__init__S)
                  0000e058    0000000c     sysbios.aem3 : BIOS.obj (.text:ti_sysbios_family_arm_m3_Hwi_disableFxn__E)
                  0000e064    0000000c                  : BIOS.obj (.text:ti_sysbios_family_arm_m3_Hwi_enableFxn__E)
                  0000e070    0000000c                  : BIOS.obj (.text:ti_sysbios_family_arm_m3_TaskSupport_getStackAlignment__E)
                  0000e07c    0000000c                  : BIOS.obj (.text:ti_sysbios_gates_GateHwi_enter__E)
                  0000e088    0000000c     app_ble_pem3.oem3 (.text:ti_sysbios_hal_Hwi_Params__init__S)
                  0000e094    0000000c     app_ble_pem3.oem3 (.text:ti_sysbios_knl_Clock_Params__init__S)
                  0000e0a0    0000000c     app_ble_pem3.oem3 (.text:ti_sysbios_knl_Event_Params__init__S)
                  0000e0ac    0000000c     app_ble_pem3.oem3 (.text:ti_sysbios_knl_Queue_Object__get__S)
                  0000e0b8    0000000c     sysbios.aem3 : BIOS.obj (.text:ti_sysbios_knl_Queue_dequeue__E)
                  0000e0c4    0000000c                  : BIOS.obj (.text:ti_sysbios_knl_Queue_enqueue__E)
                  0000e0d0    0000000c     app_ble_pem3.oem3 (.text:ti_sysbios_knl_Semaphore_Params__init__S)
                  0000e0dc    0000000c     app_ble_pem3.oem3 (.text:ti_sysbios_knl_Swi_Params__init__S)
                  0000e0e8    0000000c     sysbios.aem3 : BIOS.obj (.text:ti_sysbios_knl_Swi_getTrigger__E)
                  0000e0f4    0000000c     app_ble_pem3.oem3 (.text:ti_sysbios_knl_Task_Params__init__S)
                  0000e100    0000000c     sysbios.aem3 : BIOS.obj (.text:ti_sysbios_knl_Task_self__E)
                  0000e10c    0000000c                  : BIOS.obj (.text:xdc_runtime_Gate_enterSystem__E)
                  0000e118    0000000c                  : BIOS.obj (.text:xdc_runtime_HeapMin_getStats__E)
                  0000e124    0000000c                  : BIOS.obj (.text:xdc_runtime_Memory_calloc__E)
                  0000e130    0000000c                  : BIOS.obj (.text:xdc_runtime_Memory_getMaxDefaultTypeAlign__E)
                  0000e13c    0000000c                  : BIOS.obj (.text:xdc_runtime_Startup_rtsDone__E)
                  0000e148    0000000a     I2CCC26XX.obj (.text:I2CCC26XX_init)
                  0000e152    0000000a     I2C.obj (.text:I2C_close)
                  0000e15c    0000000a     I2C.obj (.text:I2C_transfer)
                  0000e166    0000000a     icall_cc2650.obj (.text:ICallPlatform_pwrSwitchXOSCHF)
                  0000e170    0000000a     icall.obj (.text:ICall_primE2S$26)
                  0000e17a    0000000a     drivers_cc26xxware.aem3 : List.oem3 (.text:List_empty)
                  0000e184    0000000a     oad_target_external_flash.obj (.text:OADTarget_readFlash)
                  0000e18e    0000000a     SPI.obj (.text:SPI_close)
                  0000e198    0000000a     SPI.obj (.text:SPI_transfer)
                  0000e1a2    0000000a     sensortag.obj (.text:SensorTag_charValueChangeCB)
                  0000e1ac    0000000a     sensortag.obj (.text:SensorTag_stateChangeCB$0)
                  0000e1b6    0000000a     UDMACC26XX.obj (.text:UDMACC26XX_hwiIntFxn)
                  0000e1c0    0000000a     app_ble_pem3.oem3 (.text:xdc_runtime_IHeap_alloc)
                  0000e1ca    00000008     I2CCC26XX.obj (.text:I2CCC26XX_blockingCallback$18)
                  0000e1d2    00000008     drivers_cc26xxware.aem3 : PDMCC26XX_util.oem3 (.text:PDMCC26XX_I2S_callback)
                  0000e1da    00000008     RFCC26XX_singleMode.obj (.text:RF_flushCmd)
                  0000e1e2    00000008     SPICC26XXDMA.obj (.text:SPICC26XXDMA_transferCallback$23)
                  0000e1ea    00000008     sensortag_conn_ctrl.obj (.text:ccChangeCB$5)
                  0000e1f2    00000008     sensortag_io.obj (.text:ioChangeCB$8)
                  0000e1fa    00000008     icall_api.obj (.text:matchHciExtSetTxPowerCS$29)
                  0000e202    00000008     sensortag_batt.obj (.text:sensorConfigChangeCB$3)
                  0000e20a    00000008     sysbios.aem3 : BIOS.obj (.text:ti_sysbios_family_arm_m3_Hwi_doSwiRestore__I)
                  0000e212    00000008                  : BIOS.obj (.text:ti_sysbios_family_arm_m3_Hwi_startup__E)
                  0000e21a    00000008                  : BIOS.obj (.text:ti_sysbios_knl_Idle_loop__E)
                  0000e222    00000006     icall_api.obj (.text:GGS_AddService)
                  0000e228    00000006     I2CCC26XX.obj (.text:I2CCC26XX_control)
                  0000e22e    00000006     icall.obj (.text:ICall_mallocImpl)
                  0000e234    00000006     driverlib.lib : cpu.obj (.text:NOROM_CPUdelay)
                  0000e23a    00000006     oad_target_external_flash.obj (.text:OADTarget_eraseFlash)
                  0000e240    00000006     PINCC26XX.obj (.text:PIN_registerIntCb)
                  0000e246    00000006     sysbios.aem3 : BIOS.obj (.text:__xdc__init)
                  0000e24c    00000006     RFCC26XX_singleMode.obj (.text:clkInactivityFxn$21)
                  0000e252    00000006     rtsv7M3_T_le_eabi.lib : copy_decompress_rle.obj (.text:decompress:rle24)
                  0000e258    00000006     icall_api.obj (.text:gattAddService$29)
                  0000e25e    00000006     icall_api.obj (.text:matchBondMgrSetParamCS$29)
                  0000e264    00000006     icall_api.obj (.text:matchGGSSetParamCS$29)
                  0000e26a    00000006     icall_api.obj (.text:matchGapConnParamUpdateReplyCS$29)
                  0000e270    00000006     icall_api.obj (.text:matchGapDeviceInitCS$29)
                  0000e276    00000006     icall_api.obj (.text:matchGapEndDiscoverableCS$29)
                  0000e27c    00000006     icall_api.obj (.text:matchGapGetParamCS$29)
                  0000e282    00000006     icall_api.obj (.text:matchGapMakeDiscoverableCS$29)
                  0000e288    00000006     icall_api.obj (.text:matchGapSetParamCS$29)
                  0000e28e    00000006     icall_api.obj (.text:matchGapTerminateAuthCS$29)
                  0000e294    00000006     icall_api.obj (.text:matchGapTerminateLinkReqCS$29)
                  0000e29a    00000006     icall_api.obj (.text:matchGapUpdateAdvDataCS$29)
                  0000e2a0    00000006     icall_api.obj (.text:matchGapUpdateLinkParamReqCS$29)
                  0000e2a6    00000006     icall_api.obj (.text:matchUtilNvReadCS$29)
                  0000e2ac    00000006     icall_api.obj (.text:matchUtilNvWriteCS$29)
                  0000e2b2    00000006     sysbios.aem3 : BIOS.obj (.text:ti_sysbios_family_arm_m3_Hwi_doTaskRestore__I)
                  0000e2b8    00000006                  : BIOS.obj (.text:ti_sysbios_family_arm_m3_Hwi_restoreFxn__E)
                  0000e2be    00000006                  : BIOS.obj (.text:ti_sysbios_family_arm_m3_Hwi_setFunc__E)
                  0000e2c4    00000006                  : BIOS.obj (.text:ti_sysbios_gates_GateHwi_leave__E)
                  0000e2ca    00000006                  : BIOS.obj (.text:ti_sysbios_knl_Queue_Instance_init__E)
                  0000e2d0    00000006                  : BIOS.obj (.text:ti_sysbios_knl_Queue_elemClear__E)
                  0000e2d6    00000006                  : BIOS.obj (.text:ti_sysbios_knl_Swi_startup__E)
[...]
0000f7ec  __TI_Handler_Table_Base                                     
0000f7f8  __TI_Handler_Table_Limit                                    
0000f820  __TI_CINIT_Base                                             
0000f850  __TI_CINIT_Limit                                            
10014c00  A1_rw                                                       
10014c00  __checksum_begin_CommonROM                                  
10014c01  COMMON_ROM_BASE_ADDR                                        
10014c04  P1_ro                                                       
10014c05  SCALARMUL_init                                              
10014ced  SCALARMUL_core                                              
10015019  SCALARMUL_final                                             
100150e5  SCALARMUL                                                   
10015101  SAVEPOINT                                                   
10015141  GETBIT                                                      
10015155  GETDIGIT                                                    
100151a5  GETDIGITL2R                                                 
10015215  SelectReg                                                   
10015229  ATOMICPATTERN                                               
100154f5  JACADD                                                      
1001568d  INVERT                                                      
10015821  SQUAREMULTIPLYWORD                                          
1001588c  LUTOPCODE                                                   
10015894  LUTOPSIGN                                                   
100158ac  LUTC                                                        
100158c4  LUTSE                                                       
100158dc  LUTINCI                                                     
100158f4  LUTJ                                                        
1001596c  LUTSTATE                                                    
100159a9  IMPORTLENGTH                                                
100159ad  IMPORTMODULUS                                               
100159d1  IMPORTOPERAND                                               
10015a11  EXPORTOPERAND                                               
10015a35  IMPORTDATA                                                  
10015a51  SETOPERAND                                                  
10015a6d  COPY                                                        
10015a85  ZERO                                                        
10015a91  SETWORD                                                     
10015a9d  mSET                                                        
10015bcd  zSET                                                        
10015bd5  mINVK                                                       
10015d19  zADD                                                        
10015d5d  zSUB                                                        
10015de9  zMACC32                                                     
10015e69  zSUB32                                                      
10015eb5  zADD32                                                      
10015f0d  zMULT32                                                     
10015f81  mMULT                                                       
10016551  mADD                                                        
1001664d  mSUB                                                        
10016749  mOUT                                                        
10016975  ssp_KeyInit_Sw                                              
10016979  sspAesEncrypt_Sw                                            
10016985  sspKeyExpansion_Sw                                          
10016a99  sspAesEncryptKeyExp_Sw                                      
10016af5  sspAesEncryptBasic_Sw                                       
10016b79  RoundKey_Sw                                                 
10016c29  AddRoundKeySubBytes_Sw                                      
10016c45  ShiftRows_Sw                                                
10016c79  MixColumns_Sw                                               
10016d05  FFMult_Sw                                                   
10016d29  sspAesDecrypt_Sw                                            
10016da1  InvAddRoundKey_Sw                                           
10016dc9  InvRoundKey_Sw                                              
10016e8d  InvSubBytes_Sw                                              
10016ea1  InvShiftRows_Sw                                             
10016ed5  InvMixColumns_Sw                                            
10016f58  FFMult2                                                     
10017058  FFMult3                                                     
10017158  RCon                                                        
10017164  Sbox                                                        
10017264  InvSbox                                                     
10017365  SSP_CCM_Auth_Sw                                             
100174fd  SSP_CCM_Encrypt_Sw                                          
100175ed  SSP_CTR_Encrypt_Sw                                          
1001767d  SSP_CCM_Decrypt_Sw                                          
10017771  SSP_CTR_Decrypt_Sw                                          
10017839  SSP_CCM_InvAuth_Sw                                          
10017895  SSP_CCM_Auth_Encrypt_Sw                                     
100178f5  SSP_CCM_InvAuth_Decrypt_Sw                                  
10017959  ECC_allocWorkzone                                           
10017961  ECC_setWin                                                  
10017969  ECDSA_sign                                                  
10017b01  ECDSA_verif                                                 
10017dbd  eccRom_genKeys                                              
10017ded  eccRom_genSharedSecret                                      
10017e39  SHA256_updateW                                              
10017e75  SHA256_round                                                
10017ef1  SHA256_nextState                                            
10017f49  SHA256_saveBuffer                                           
10017ffd  SHA256_init                                                 
10018019  SHA256_process                                              
10018089  SHA256_final                                                
10018129  SHA256_full                                                 
100182ad  RFHAL_InitRfHal                                             
10018315  RFHAL_AllocRatChan                                          
1001833d  RFHAL_FreeRatChan                                           
10018369  RFHAL_MapRatChansToInt                                      
10018391  RFHAL_RegisterRatChanCallback                               
100183b9  RFHAL_InitDataQueue                                         
100183c5  RFHAL_QueueRFDataEntries                                    
10018415  RFHAL_AddTxDataEntry                                        
10018485  RFHAL_FreeNextTxDataEntry                                   
100184a9  RFHAL_AllocDataEntryQueue                                   
100184c5  RFHAL_FreeDataEntryQueue                                    
100184cd  RFHAL_GetNextDataEntry                                      
100184d1  RFHAL_GetTempDataEntry                                      
100184d5  RFHAL_NextDataEntryDone                                     
100184f9  RFHAL_AllocDataEntry                                        
10018549  RFHAL_FreeDataEntry                                         
10018551  RFHAL_BuildRingBuffer                                       
100185e1  RFHAL_BuildDataEntryRingBuffer                              
10018669  RFHAL_BuildLinkedBuffer                                     
10018755  MB_Init                                                     
10018799  MB_EnableInts                                               
100187f5  MB_DisableInts                                              
10018825  MB_ClearInts                                                
10018835  MB_EnableHWInts                                             
10018865  MB_SendCommand                                              
100188a5  MB_SendCommandSynch                                         
10018935  MB_ReadMailboxStatus                                        
1001893d  MB_RegisterIsrCback                                         
10018945  MB_FwDebugDump                                              
10018949  mbCmdAckIsr                                                 
1001895d  mbCpe0Isr                                                   
10018985  mbCpe1Isr                                                   
100189e5  mbHwIsr                                                     
10018a19  AesCcm_authEncrypt_Sw                                       
10018a35  AesCcm_decryptAuth_Sw                                       
10018a99  Aes_encrypt_Sw                                              
10018ac5  Aes_decrypt_Sw                                              
10018b09  AesCcm_getNumBlocks_Sw                                      
10018b0c  NIST_Curve_P256_p                                           
10018b30  NIST_Curve_P256_r                                           
10018b54  NIST_Curve_P256_a                                           
10018b78  NIST_Curve_P256_b                                           
10018b9c  NIST_Curve_P256_Gx                                          
10018bc0  NIST_Curve_P256_Gy                                          
10018ced  __exit                                                      
10018d6c  Fill1                                                       
10019ffc  A3_rw                                                       
10019ffd  __checksum_end_CommonROM                                    
10019ffe  A2_rw                                                       
10019ffe  P1_ro_2                                                     
10019ffe  __checksum_CommonROM                                        
20000000  ti_sysbios_family_arm_m3_Hwi_ramVectors                     
20000540  i2sHandle                                                   
20000548  streamNotification                                          
20000550  pdmStream                                                   
20000578  pdmHwi                                                      
20000594  pdmContMgtBuffer                                            
20000638  pdmTask                                                     
200006f4  pdmTaskStack                                                
200008e8  pdmContinuousBuffer                                         
20000be8  gapProfileState                                             
20000be9  selfEntityMain                                              
20000bf0  sem                                                         
20000bf4  hGpioPin                                                    
20000c10  pinGpioState                                                
20000fa0  linkDBNumConns                                              
200010b4  gapRoleTask                                                 
20001104  gapRoleTaskStack                                            
200016d0  ti_sysbios_family_arm_cc26xx_Timer_Module__root__V          
200016d8  ti_sysbios_family_arm_cc26xx_Timer_Module__state__V         
200016e0  ti_sysbios_family_arm_m3_Hwi_Module__root__V                
200016e8  ti_sysbios_family_arm_m3_Hwi_Object__table__V               
20001700  ti_sysbios_family_arm_m3_Hwi_Module_State_0_excActive__A    
20001704  ti_sysbios_family_arm_m3_Hwi_Module_State_0_excContext__A   
20001708  ti_sysbios_family_arm_m3_Hwi_Module_State_0_excStack__A     
2000170c  ti_sysbios_gates_GateHwi_Module__root__V                    
20001714  ti_sysbios_gates_GateHwi_Object__table__V                   
20001718  ti_sysbios_gates_GateMutex_Module__root__V                  
20001720  ti_sysbios_gates_GateMutex_Object__table__V                 
2000173c  ti_sysbios_hal_Hwi_Module__root__V                          
20001744  ti_sysbios_knl_Clock_Module__root__V                        
2000174c  ti_sysbios_knl_Clock_Object__table__V                       
2000176c  ti_sysbios_knl_Event_Module__root__V                        
20001774  ti_sysbios_knl_Queue_Module__root__V                        
2000177c  ti_sysbios_knl_Semaphore_Module__root__V                    
20001784  ti_sysbios_knl_Swi_Module__root__V                          
2000178c  ti_sysbios_knl_Swi_Module__state__V                         
200017a8  ti_sysbios_knl_Task_Module__root__V                         
200017b0  ti_sysbios_knl_Task_Module_State_0_idleTask__A              
200017b4  xdc_runtime_Error_Module__state__V                          
200017b8  xdc_runtime_HeapMin_Module__root__V                         
200017c0  xdc_runtime_HeapMin_Object__table__V                        
200017d0  xdc_runtime_Memory_Module__state__V                         
200017d4  xdc_runtime_Registry_Module__state__V                       
200017dc  xdc_runtime_Startup_Module__state__V                        
200017e4  xdc_runtime_System_Module__state__V                         
200017ec  xdc_runtime_Text_Module__state__V                           
200017f4  __xdc__init__addr                                           
2000191c  PowerCC26XX_module                                          
20001a2c  ICall_dispatcher                                            
20001a34  ICall_enterCriticalSection                                  
20001a38  ICall_leaveCriticalSection                                  
20001a50  HEAPMGR_SIZE                                                
20001d04  pdmParams                                                   
20001ea8  rfRegTbl                                                    
20001ef8  ti_sysbios_knl_Task_Object__table__V                        
20001f48  ti_sysbios_family_arm_cc26xx_Timer_Object__table__V         
20001f90  ti_sysbios_knl_Task_Module__state__V                        
20002008  ti_sysbios_family_arm_m3_Hwi_Module__state__V               
2000203c  ti_sysbios_knl_Swi_Module_State_0_readyQ__A                 
2000206c  ti_sysbios_knl_Swi_Object__table__V                         
2000209c  ti_sysbios_knl_Task_Module_State_0_readyQ__A                
200020cc  user0Cfg                                                    
20002128  ti_sysbios_knl_Clock_Module__state__V                       
20002154  ti_sysbios_BIOS_Module__state__V                            
200021a4  lastAppOpcodeSent                                           
200021a8  pfnBMAlloc                                                  
200021ac  pfnBMFree                                                   
200021c0  _lock                                                       
200021c4  _unlock                                                     
200021c8  __TI_cleanup_ptr                                            
200021cc  __TI_dtors_ptr                                              
200021d8  appAssertCback                                              
200021dc  main_func_sp                                                
200021f0  xdc_runtime_HeapMin_Instance_State_0_buf__A                 
20002878  ti_sysbios_knl_Task_Instance_State_0_stack__A               
20002a78  spiCC26XXDMAObjects                                         
20002c30  PIN_NumPins                                                 
20002cc4  PIN_HandleTable                                             
20002f50  i2cCC26xxObjects                                            
20003030  ti_sysbios_family_arm_m3_Hwi_dispatchTable                  
200030f8  pdmCC26XXI2SObjects                                         
20003194  pdmCC26XXObjects                                            
20003280  udmaObjects                                                 
200032a0  g_ControlTable                                              
200032f4  g_pControlTable                                             
20003300  trngCC26XXObjects                                           
20003308  driverlib_release_0_46593                                   
2000330c  heapStart                                                   
20004228  __stack                                                     
20004228  heapEnd                                                     
20004428  __STACK_END                                                 
20004428  __STACK_TOP                                                 
20004f2c  A4_rw                                                       
20004f2c  COMMON_RAM_BASE_ADDR                                        
20004f40  P2_rw                                                       
20004f40  P2_s0                                                       
20004f40  eccRom_windowSize                                           
20004f44  eccRom_workzone                                             
20004f48  eccRom_param_p                                              
20004f4c  eccRom_param_r                                              
20004f50  eccRom_param_a                                              
20004f54  inScalar                                                    
20004f58  inPointX                                                    
20004f5c  inPointY                                                    
20004f60  outPointX                                                   
20004f64  outPointY                                                   
20004f68  SCAL                                                        
20004f6c  EXPX                                                        
20004f70  EXPY                                                        
20004f74  EXPZ                                                        
20004f78  EXPW                                                        
20004f7c  ACCX                                                        
20004f80  ACCY                                                        
20004f84  ACCZ                                                        
20004f88  TMP1                                                        
20004f8c  TMP2                                                        
20004f90  TMP3                                                        
20004f94  TMP4                                                        
20004f98  TMP5                                                        
20004f9c  TMP6                                                        
20004fa0  eccRom_param_Gx                                             
20004fa4  eccRom_param_Gy                                             
20004fa8  eccRom_param_b                                              
20004fac  P2_zi                                                       
20004fac  ratChanInfo                                                 
20004fcc  fwInfoCmd                                                   
20004fd8  MSBMOD                                                      
20004fdc  aux64                                                       
20004fe4  MOD                                                         
20004fe8  LEN                                                         
20004ffc  pSspAesEncrypt_Sw                                           
e000e000  ti_sysbios_family_arm_m3_Hwi_nvic                           
ffffffff  __binit__                                                   
ffffffff  __c_args__                                                  
ffffffff  binit                                                       
UNDEFED   SHT$$INIT_ARRAY$$Base                                       
UNDEFED   SHT$$INIT_ARRAY$$Limit                                      

[1055 symbols]
